Unable to find image 'sagemath/sagemath:latest' locally
latest: Pulling from sagemath/sagemath
Digest: sha256:e068670ae5863b54b2550e72437ec637b0283acb0dc712c8584c124dbf44e667
Status: Downloaded newer image for sagemath/sagemath:latest

=======================================================
Running Cell: q34_n256 (n=256, q=2^34-1, sigma=3.2)
=======================================================
bkw                  :: rop: ≈2^85.2, m: ≈2^72.7, mem: ≈2^73.7, b: 2, t1: 15, t2: 37, ℓ: 1, #cod: 216, #top: 1, #test: 9, tag: coded-bkw
usvp                 :: rop: ≈2^41.4, red: ≈2^41.4, δ: 1.012950, β: 40, d: 357, tag: usvp
bdd                  :: rop: ≈2^41.5, red: ≈2^41.5, svp: ≈2^20.7, β: 40, η: 2, d: 384, tag: bdd
bdd_mitm_hybrid      :: rop: ≈2^42.4, red: ≈2^42.4, svp: ≈2^18.8, β: 40, η: 2, ζ: 0, |S|: 1, d: 685, prob: 1.0, ↻: 1, tag: hybrid
dual                 :: rop: ≈2^42.4, mem: 41, m: 429, β: 40, d: 685, ↻: 1, tag: dual
dual_hybrid          :: rop: ≈2^43.0, red: ≈2^43.0, guess: ≈2^13.2, β: 40, p: 3, ζ: 0, t: 0, β': 65, N: 0.703, m: 256
{'arora-gb': rop: ≈2^inf, 'bkw': rop: ≈2^85.2, m: ≈2^72.7, mem: ≈2^73.7, b: 2, t1: 15, t2: 37, ℓ: 1, #cod: 216, #top: 1, #test: 9, tag: coded-bkw, 'usvp': rop: ≈2^41.4, red: ≈2^41.4, δ: 1.012950, β: 40, d: 357, tag: usvp, 'bdd': rop: ≈2^41.5, red: ≈2^41.5, svp: ≈2^20.7, β: 40, η: 2, d: 384, tag: bdd, 'bdd_hybrid': rop: ≈2^42.4, red: ≈2^42.4, svp: ≈2^21.4, β: 40, η: 1, ζ: 0, |S|: 1, d: 685, prob: 1.0, ↻: 1, tag: hybrid, 'bdd_mitm_hybrid': rop: ≈2^42.4, red: ≈2^42.4, svp: ≈2^18.8, β: 40, η: 2, ζ: 0, |S|: 1, d: 685, prob: 1.0, ↻: 1, tag: hybrid, 'dual': rop: ≈2^42.4, mem: 41, m: 429, β: 40, d: 685, ↻: 1, tag: dual, 'dual_hybrid': rop: ≈2^43.0, red: ≈2^43.0, guess: ≈2^13.2, β: 40, p: 3, ζ: 0, t: 0, β': 65, N: 0.703, m: 256}

=======================================================
Running Cell: q34_n512 (n=512, q=2^34-1, sigma=3.2)
=======================================================
bkw                  :: rop: ≈2^154.0, m: ≈2^140.6, mem: ≈2^141.6, b: 4, t1: 2, t2: 46, ℓ: 3, #cod: 478, #top: 1, #test: 25, tag: coded-bkw
usvp                 :: rop: ≈2^56.3, red: ≈2^56.3, δ: 1.009889, β: 87, d: 1030, tag: usvp
bdd                  :: rop: ≈2^55.3, red: ≈2^55.0, svp: ≈2^52.5, β: 82, η: 108, d: 1063, tag: bdd
dual                 :: rop: ≈2^57.4, mem: ≈2^30.3, m: 596, β: 87, d: 1108, ↻: 1, tag: dual
dual_hybrid          :: rop: ≈2^57.3, red: ≈2^57.3, guess: ≈2^36.7, β: 87, p: 3, ζ: 0, t: 0, β': 113, N: ≈2^23.0, m: 512
{'arora-gb': rop: ≈2^inf, 'bkw': rop: ≈2^154.0, m: ≈2^140.6, mem: ≈2^141.6, b: 4, t1: 2, t2: 46, ℓ: 3, #cod: 478, #top: 1, #test: 25, tag: coded-bkw, 'usvp': rop: ≈2^56.3, red: ≈2^56.3, δ: 1.009889, β: 87, d: 1030, tag: usvp, 'bdd': rop: ≈2^55.3, red: ≈2^55.0, svp: ≈2^52.5, β: 82, η: 108, d: 1063, tag: bdd, 'bdd_hybrid': rop: ≈2^55.3, red: ≈2^55.1, svp: ≈2^52.5, β: 82, η: 108, ζ: 0, |S|: 1, d: 1093, prob: 0.999999999235828, ↻: 1, tag: hybrid, 'bdd_mitm_hybrid': rop: ≈2^71.1, red: ≈2^71.1, svp: ≈2^34.9, β: 87, η: 2, ζ: 0, |S|: 1, d: 1108, prob: ≈2^-12.5, ↻: ≈2^14.7, tag: hybrid, 'dual': rop: ≈2^57.4, mem: ≈2^30.3, m: 596, β: 87, d: 1108, ↻: 1, tag: dual, 'dual_hybrid': rop: ≈2^57.3, red: ≈2^57.3, guess: ≈2^36.7, β: 87, p: 3, ζ: 0, t: 0, β': 113, N: ≈2^23.0, m: 512}

=======================================================
Running Cell: q34_n1024 (n=1024, q=2^34-1, sigma=3.2)
=======================================================
bkw                  :: rop: ≈2^290.5, m: ≈2^276.4, mem: ≈2^277.4, b: 8, t1: 0, t2: 41, ℓ: 7, #cod: 963, #top: 0, #test: 63, tag: coded-bkw
usvp                 :: rop: ≈2^107.5, red: ≈2^107.5, δ: 1.005204, β: 269, d: 2151, tag: usvp
bdd                  :: rop: ≈2^106.2, red: ≈2^106.1, svp: ≈2^103.0, β: 264, η: 291, d: 2130, tag: bdd
dual                 :: rop: ≈2^109.5, mem: ≈2^68.1, m: 1143, β: 273, d: 2167, ↻: 1, tag: dual
dual_hybrid          :: rop: ≈2^109.7, red: ≈2^109.7, guess: ≈2^71.1, β: 274, p: 3, ζ: 0, t: 0, β': 290, N: ≈2^57.4, m: 1024
{'arora-gb': rop: ≈2^inf, 'bkw': rop: ≈2^290.5, m: ≈2^276.4, mem: ≈2^277.4, b: 8, t1: 0, t2: 41, ℓ: 7, #cod: 963, #top: 0, #test: 63, tag: coded-bkw, 'usvp': rop: ≈2^107.5, red: ≈2^107.5, δ: 1.005204, β: 269, d: 2151, tag: usvp, 'bdd': rop: ≈2^106.2, red: ≈2^106.1, svp: ≈2^103.0, β: 264, η: 291, d: 2130, tag: bdd, 'bdd_hybrid': rop: ≈2^106.2, red: ≈2^106.1, svp: ≈2^103.0, β: 264, η: 291, ζ: 0, |S|: 1, d: 2144, prob: 1.0, ↻: 1, tag: hybrid, 'bdd_mitm_hybrid': rop: ≈2^189.4, red: ≈2^189.4, svp: ≈2^104.0, β: 269, η: 2, ζ: 0, |S|: 1, d: 2157, prob: ≈2^-79.7, ↻: ≈2^81.9, tag: hybrid, 'dual': rop: ≈2^109.5, mem: ≈2^68.1, m: 1143, β: 273, d: 2167, ↻: 1, tag: dual, 'dual_hybrid': rop: ≈2^109.7, red: ≈2^109.7, guess: ≈2^71.1, β: 274, p: 3, ζ: 0, t: 0, β': 290, N: ≈2^57.4, m: 1024}

=======================================================
Running Cell: q34_n2048 (n=2048, q=2^34-1, sigma=3.2)
=======================================================
bkw                  :: rop: ≈2^531.0, m: ≈2^514.7, mem: ≈2^515.7, b: 15, t1: 0, t2: 52, ℓ: 14, #cod: 1933, #top: 2, #test: 113, tag: coded-bkw
usvp                 :: rop: ≈2^224.6, red: ≈2^224.6, δ: 1.002705, β: 687, d: 4135, tag: usvp
bdd                  :: rop: ≈2^222.8, red: ≈2^222.4, svp: ≈2^220.7, β: 679, η: 714, d: 4200, tag: bdd
dual                 :: rop: ≈2^229.3, mem: ≈2^153.4, m: ≈2^11.1, β: 700, d: 4257, ↻: 1, tag: dual
dual_hybrid          :: rop: ≈2^227.5, red: ≈2^227.5, guess: ≈2^196.4, β: 694, p: 3, ζ: 10, t: 0, β': 688, N: ≈2^142.7, m: ≈2^11.0
{'arora-gb': rop: ≈2^inf, 'bkw': rop: ≈2^531.0, m: ≈2^514.7, mem: ≈2^515.7, b: 15, t1: 0, t2: 52, ℓ: 14, #cod: 1933, #top: 2, #test: 113, tag: coded-bkw, 'usvp': rop: ≈2^224.6, red: ≈2^224.6, δ: 1.002705, β: 687, d: 4135, tag: usvp, 'bdd': rop: ≈2^222.8, red: ≈2^222.4, svp: ≈2^220.7, β: 679, η: 714, d: 4200, tag: bdd, 'bdd_hybrid': rop: ≈2^222.8, red: ≈2^222.4, svp: ≈2^220.7, β: 679, η: 714, ζ: 0, |S|: 1, d: 4210, prob: 1.0, ↻: 1, tag: hybrid, 'bdd_mitm_hybrid': rop: ≈2^519.0, red: ≈2^519.0, svp: ≈2^318.5, β: 687, η: 2, ζ: 0, |S|: 1, d: 4228, prob: ≈2^-292.2, ↻: ≈2^294.4, tag: hybrid, 'dual': rop: ≈2^229.3, mem: ≈2^153.4, m: ≈2^11.1, β: 700, d: 4257, ↻: 1, tag: dual, 'dual_hybrid': rop: ≈2^227.5, red: ≈2^227.5, guess: ≈2^196.4, β: 694, p: 3, ζ: 10, t: 0, β': 688, N: ≈2^142.7, m: ≈2^11.0}

--- ALL Q-DELTA CELLS COMPLETE ---
