
=======================================================
Running Cell: A0_shipped (n=256, q=2^61-1, sigma=3.2)
=======================================================
bkw                  :: rop: ≈2^200.6, m: ≈2^188.0, mem: ≈2^189.0, b: 3, t1: 34, t2: 30, ℓ: 2, #cod: 159, #top: 0, #test: 5, tag: coded-bkw
usvp                 :: rop: ≈2^41.1, red: ≈2^41.1, δ: 1.012950, β: 40, d: 299, tag: usvp
bdd                  :: rop: ≈2^41.1, red: ≈2^41.1, svp: ≈2^31.5, β: 40, η: 34, d: 298, tag: bdd
bdd_mitm_hybrid      :: rop: ≈2^42.9, red: ≈2^42.9, svp: ≈2^19.7, β: 40, η: 2, ζ: 0, |S|: 1, d: 918, prob: 1.0, ↻: 1, tag: hybrid
dual                 :: rop: ≈2^42.9, mem: 41, m: 662, β: 40, d: 918, ↻: 1, tag: dual
dual_hybrid          :: rop: ≈2^43.0, red: ≈2^43.0, guess: ≈2^13.2, β: 40, p: 3, ζ: 0, t: 0, β': 65, N: 0.693, m: 256
{'arora-gb': rop: ≈2^inf, 'bkw': rop: ≈2^200.6, m: ≈2^188.0, mem: ≈2^189.0, b: 3, t1: 34, t2: 30, ℓ: 2, #cod: 159, #top: 0, #test: 5, tag: coded-bkw, 'usvp': rop: ≈2^41.1, red: ≈2^41.1, δ: 1.012950, β: 40, d: 299, tag: usvp, 'bdd': rop: ≈2^41.1, red: ≈2^41.1, svp: ≈2^31.5, β: 40, η: 34, d: 298, tag: bdd, 'bdd_hybrid': rop: ≈2^42.9, red: ≈2^42.9, svp: ≈2^21.5, β: 40, η: 1, ζ: 0, |S|: 1, d: 918, prob: 1.0, ↻: 1, tag: hybrid, 'bdd_mitm_hybrid': rop: ≈2^42.9, red: ≈2^42.9, svp: ≈2^19.7, β: 40, η: 2, ζ: 0, |S|: 1, d: 918, prob: 1.0, ↻: 1, tag: hybrid, 'dual': rop: ≈2^42.9, mem: 41, m: 662, β: 40, d: 918, ↻: 1, tag: dual, 'dual_hybrid': rop: ≈2^43.0, red: ≈2^43.0, guess: ≈2^13.2, β: 40, p: 3, ζ: 0, t: 0, β': 65, N: 0.693, m: 256}

=======================================================
Running Cell: B1_n512 (n=512, q=2^61-1, sigma=3.2)
=======================================================
bkw                  :: rop: ≈2^202.5, m: ≈2^188.4, mem: ≈2^189.4, b: 3, t1: 19, t2: 67, ℓ: 2, #cod: 446, #top: 0, #test: 10, tag: coded-bkw
usvp                 :: rop: ≈2^42.4, red: ≈2^42.4, δ: 1.012950, β: 40, d: 691, tag: usvp
bdd                  :: rop: ≈2^42.5, red: ≈2^42.5, svp: ≈2^21.0, β: 40, η: 2, d: 718, tag: bdd
bdd_mitm_hybrid      :: rop: ≈2^43.4, red: ≈2^43.4, svp: ≈2^20.7, β: 40, η: 2, ζ: 0, |S|: 1, d: 1298, prob: 1.0, ↻: 1, tag: hybrid
dual                 :: rop: ≈2^43.4, mem: 41, m: 786, β: 40, d: 1298, ↻: 1, tag: dual
dual_hybrid          :: rop: ≈2^44.0, red: ≈2^44.0, guess: ≈2^13.2, β: 40, p: 3, ζ: 0, t: 0, β': 68, N: 0.693, m: 512
{'arora-gb': rop: ≈2^inf, 'bkw': rop: ≈2^202.5, m: ≈2^188.4, mem: ≈2^189.4, b: 3, t1: 19, t2: 67, ℓ: 2, #cod: 446, #top: 0, #test: 10, tag: coded-bkw, 'usvp': rop: ≈2^42.4, red: ≈2^42.4, δ: 1.012950, β: 40, d: 691, tag: usvp, 'bdd': rop: ≈2^42.5, red: ≈2^42.5, svp: ≈2^21.0, β: 40, η: 2, d: 718, tag: bdd, 'bdd_hybrid': rop: ≈2^43.4, red: ≈2^43.4, svp: ≈2^21.9, β: 40, η: 1, ζ: 0, |S|: 1, d: 1298, prob: 1.0, ↻: 1, tag: hybrid, 'bdd_mitm_hybrid': rop: ≈2^43.4, red: ≈2^43.4, svp: ≈2^20.7, β: 40, η: 2, ζ: 0, |S|: 1, d: 1298, prob: 1.0, ↻: 1, tag: hybrid, 'dual': rop: ≈2^43.4, mem: 41, m: 786, β: 40, d: 1298, ↻: 1, tag: dual, 'dual_hybrid': rop: ≈2^44.0, red: ≈2^44.0, guess: ≈2^13.2, β: 40, p: 3, ζ: 0, t: 0, β': 68, N: 0.693, m: 512}

=======================================================
Running Cell: B2_n1024 (n=1024, q=2^61-1, sigma=3.2)
=======================================================
bkw                  :: rop: ≈2^263.8, m: ≈2^249.0, mem: ≈2^250.0, b: 4, t1: 0, t2: 65, ℓ: 3, #cod: 984, #top: 0, #test: 42, tag: coded-bkw
usvp                 :: rop: ≈2^59.3, red: ≈2^59.3, δ: 1.009539, β: 94, d: 2030, tag: usvp
bdd                  :: rop: ≈2^58.7, red: ≈2^58.5, svp: ≈2^55.5, β: 91, η: 119, d: 2105, tag: bdd
dual                 :: rop: ≈2^60.5, mem: ≈2^32.7, m: 1112, β: 94, d: 2136, ↻: 1, tag: dual
dual_hybrid          :: rop: ≈2^60.4, red: ≈2^60.4, guess: ≈2^37.3, β: 94, p: 3, ζ: 0, t: 0, β': 124, N: ≈2^23.6, m: 1024
{'arora-gb': rop: ≈2^inf, 'bkw': rop: ≈2^263.8, m: ≈2^249.0, mem: ≈2^250.0, b: 4, t1: 0, t2: 65, ℓ: 3, #cod: 984, #top: 0, #test: 42, tag: coded-bkw, 'usvp': rop: ≈2^59.3, red: ≈2^59.3, δ: 1.009539, β: 94, d: 2030, tag: usvp, 'bdd': rop: ≈2^58.7, red: ≈2^58.5, svp: ≈2^55.5, β: 91, η: 119, d: 2105, tag: bdd, 'bdd_hybrid': rop: ≈2^58.7, red: ≈2^58.5, svp: ≈2^55.5, β: 91, η: 119, ζ: 0, |S|: 1, d: 2120, prob: 0.9999999998836909, ↻: 1, tag: hybrid, 'bdd_mitm_hybrid': rop: ≈2^72.9, red: ≈2^72.9, svp: ≈2^35.4, β: 95, η: 2, ζ: 0, |S|: 1, d: 2141, prob: ≈2^-11.1, ↻: ≈2^13.3, tag: hybrid, 'dual': rop: ≈2^60.5, mem: ≈2^32.7, m: 1112, β: 94, d: 2136, ↻: 1, tag: dual, 'dual_hybrid': rop: ≈2^60.4, red: ≈2^60.4, guess: ≈2^37.3, β: 94, p: 3, ζ: 0, t: 0, β': 124, N: ≈2^23.6, m: 1024}

=======================================================
Running Cell: C1_sigma1000 (n=256, q=2^61-1, sigma=1000.0)
=======================================================
bkw                  :: rop: ≈2^200.6, m: ≈2^188.0, mem: ≈2^189.0, b: 3, t1: 34, t2: 30, ℓ: 2, #cod: 159, #top: 0, #test: 5, tag: coded-bkw
usvp                 :: rop: ≈2^41.4, red: ≈2^41.4, δ: 1.012950, β: 40, d: 364, tag: usvp
bdd                  :: rop: ≈2^41.5, red: ≈2^41.5, svp: ≈2^20.7, β: 40, η: 2, d: 376, tag: bdd
bdd_mitm_hybrid      :: rop: ≈2^42.9, red: ≈2^42.9, svp: ≈2^19.7, β: 40, η: 2, ζ: 0, |S|: 1, d: 918, prob: 1.0, ↻: 1, tag: hybrid
dual                 :: rop: ≈2^42.9, mem: 41, m: 662, β: 40, d: 918, ↻: 1, tag: dual
dual_hybrid          :: rop: ≈2^43.0, red: ≈2^43.0, guess: ≈2^29.7, β: 40, p: 3, ζ: 0, t: 0, β': 65, N: 0.693, m: 256
{'arora-gb': rop: ≈2^inf, dreg: ≈2^inf, tag: arora-gb, 'bkw': rop: ≈2^200.6, m: ≈2^188.0, mem: ≈2^189.0, b: 3, t1: 34, t2: 30, ℓ: 2, #cod: 159, #top: 0, #test: 5, tag: coded-bkw, 'usvp': rop: ≈2^41.4, red: ≈2^41.4, δ: 1.012950, β: 40, d: 364, tag: usvp, 'bdd': rop: ≈2^41.5, red: ≈2^41.5, svp: ≈2^20.7, β: 40, η: 2, d: 376, tag: bdd, 'bdd_hybrid': rop: ≈2^42.9, red: ≈2^42.9, svp: ≈2^21.5, β: 40, η: 1, ζ: 0, |S|: 1, d: 918, prob: 1.0, ↻: 1, tag: hybrid, 'bdd_mitm_hybrid': rop: ≈2^42.9, red: ≈2^42.9, svp: ≈2^19.7, β: 40, η: 2, ζ: 0, |S|: 1, d: 918, prob: 1.0, ↻: 1, tag: hybrid, 'dual': rop: ≈2^42.9, mem: 41, m: 662, β: 40, d: 918, ↻: 1, tag: dual, 'dual_hybrid': rop: ≈2^43.0, red: ≈2^43.0, guess: ≈2^29.7, β: 40, p: 3, ζ: 0, t: 0, β': 65, N: 0.693, m: 256}

=======================================================
Running Cell: C2_n512_sigma1000 (n=512, q=2^61-1, sigma=1000.0)
=======================================================
bkw                  :: rop: ≈2^202.5, m: ≈2^188.4, mem: ≈2^189.4, b: 3, t1: 19, t2: 67, ℓ: 2, #cod: 446, #top: 0, #test: 10, tag: coded-bkw
usvp                 :: rop: ≈2^43.0, red: ≈2^43.0, δ: 1.012950, β: 40, d: 1001, tag: usvp
bdd                  :: rop: ≈2^43.2, red: ≈2^43.2, svp: ≈2^21.5, β: 40, η: 2, d: 1144, tag: bdd
bdd_mitm_hybrid      :: rop: ≈2^43.4, red: ≈2^43.4, svp: ≈2^20.7, β: 40, η: 2, ζ: 0, |S|: 1, d: 1298, prob: 0.999452331234729, ↻: 1, tag: hybrid
dual                 :: rop: ≈2^44.3, mem: ≈2^20.4, m: 786, β: 40, d: 1298, ↻: 1, tag: dual
dual_hybrid          :: rop: ≈2^44.0, red: ≈2^44.0, guess: ≈2^37.4, β: 40, p: 3, ζ: 0, t: 0, β': 68, N: 140.535, m: 512
{'arora-gb': rop: ≈2^inf, dreg: ≈2^inf, tag: arora-gb, 'bkw': rop: ≈2^202.5, m: ≈2^188.4, mem: ≈2^189.4, b: 3, t1: 19, t2: 67, ℓ: 2, #cod: 446, #top: 0, #test: 10, tag: coded-bkw, 'usvp': rop: ≈2^43.0, red: ≈2^43.0, δ: 1.012950, β: 40, d: 1001, tag: usvp, 'bdd': rop: ≈2^43.2, red: ≈2^43.2, svp: ≈2^21.5, β: 40, η: 2, d: 1144, tag: bdd, 'bdd_hybrid': rop: ≈2^43.4, red: ≈2^43.4, svp: ≈2^21.9, β: 40, η: 1, ζ: 0, |S|: 1, d: 1298, prob: 0.9996432092117585, ↻: 1, tag: hybrid, 'bdd_mitm_hybrid': rop: ≈2^43.4, red: ≈2^43.4, svp: ≈2^20.7, β: 40, η: 2, ζ: 0, |S|: 1, d: 1298, prob: 0.999452331234729, ↻: 1, tag: hybrid, 'dual': rop: ≈2^44.3, mem: ≈2^20.4, m: 786, β: 40, d: 1298, ↻: 1, tag: dual, 'dual_hybrid': rop: ≈2^44.0, red: ≈2^44.0, guess: ≈2^37.4, β: 40, p: 3, ζ: 0, t: 0, β': 68, N: 140.535, m: 512}

--- ALL CELLS COMPLETE ---
